[livestudent.deccansociety.org/index.html]
[backblue.gif]
[fade.gif]
[index.html]
[livestudent.deccansociety.org/Main2/DES/images/favicon.png]
[livestudent.deccansociety.org/Main2/DES/css/font-awesome.min.css]
[livestudent.deccansociety.org/Main2/DES/css/bootstrap.min.css]
[livestudent.deccansociety.org/Main2/DES/css/style.css]
[livestudent.deccansociety.org/Main2/DES/js/jquery.min.js]
[livestudent.deccansociety.org/Main2/DES/js/bootstrap.min.js]
[livestudent.deccansociety.org/Main2/JS/Common.js]
[livestudent.deccansociety.org/Main2/DES/images/Logo-Des.png]
[livestudent.deccansociety.org/Event/EventRegistration/Index.html]
[livestudent.deccansociety.org/index.html]
[livestudent.deccansociety.org/images/apple-touch-icon.html]
[livestudent.deccansociety.org/Main2/DES/fonts/fontawesome-webfont3e6e.eot]
[livestudent.deccansociety.org/Main2/DES/fonts/fontawesome-webfontd41d.eot]
[livestudent.deccansociety.org/Main2/DES/fonts/fontawesome-webfont3e6e.woff2]
[livestudent.deccansociety.org/Main2/DES/fonts/fontawesome-webfont3e6e.woff]
[livestudent.deccansociety.org/Main2/DES/fonts/fontawesome-webfont3e6e.ttf]
[livestudent.deccansociety.org/Main2/DES/css/font-awesome.min.css]
[livestudent.deccansociety.org/Main2/DES/fonts/glyphicons-halflings-regular.eot]
[livestudent.deccansociety.org/Main2/DES/fonts/glyphicons-halflings-regulard41d.eot]
[livestudent.deccansociety.org/Main2/DES/fonts/glyphicons-halflings-regular.woff2]
[livestudent.deccansociety.org/Main2/DES/fonts/glyphicons-halflings-regular.woff]
[livestudent.deccansociety.org/Main2/DES/fonts/glyphicons-halflings-regular.ttf]
[livestudent.deccansociety.org/Main2/DES/css/bootstrap.min.css]
[livestudent.deccansociety.org/Main2/DES/images/banner_2.jpg]
[livestudent.deccansociety.org/Main2/DES/css/style.css]
[livestudent.deccansociety.org/Main2/css/font-awesome.min.css]
[livestudent.deccansociety.org/Main2/css/timeout-dialog.css]
[livestudent.deccansociety.org/Layout/Csscf50.css]
[cdnjs.cloudflare.com/ajax/libs/morris.js/0.5.1/morris.css]
[livestudent.deccansociety.org/Content/datepicker/css/bootstrap-datetimepicker.css]
[livestudent.deccansociety.org/Images/Common/nophoto.jpg]
[livestudent.deccansociety.org/Layout/jquery3475]
[cdnjs.cloudflare.com/ajax/libs/morris.js/0.5.1/morris.min.js]
[cdnjs.cloudflare.com/ajax/libs/raphael/2.1.0/raphael-min.js]
[livestudent.deccansociety.org/Content/Demo/moment.js]
[livestudent.deccansociety.org/Content/Demo/fullcalendar.js]
[livestudent.deccansociety.org/Content/datepicker/js/bootstrap-datetimepicker.js]
[livestudent.deccansociety.org/Scripts/Event/EventRegistration.js]
[livestudent.deccansociety.org/Main2/JS/timeout-dialog.js]
[livestudent.deccansociety.org/Event/EventRegistration/Index.html]
[livestudent.deccansociety.org/Main2/DES/fonts/fontawesome-webfont3e6e.svg]
[livestudent.deccansociety.org/Main2/DES/fonts/glyphicons-halflings-regular.svg]
[livestudent.deccansociety.org/Main2/fonts/fontawesome-webfont3e6e.eot]
[livestudent.deccansociety.org/Main2/fonts/fontawesome-webfontd41d.eot]
[livestudent.deccansociety.org/Main2/fonts/fontawesome-webfont3e6e.ttf]
[livestudent.deccansociety.org/Main2/css/font-awesome.min.css]
[livestudent.deccansociety.org/Main2/css/timeout-icon.png]
[livestudent.deccansociety.org/Main2/css/timeout-dialog.css]
[livestudent.deccansociety.org/fonts/glyphicons-halflings-regular.eot]
[livestudent.deccansociety.org/fonts/glyphicons-halflings-regulard41d.eot]
[livestudent.deccansociety.org/fonts/glyphicons-halflings-regular.woff]
[livestudent.deccansociety.org/fonts/glyphicons-halflings-regular.ttf]
[livestudent.deccansociety.org/fonts/ionicons44ca.eot]
[livestudent.deccansociety.org/fonts/ionicons44ca.ttf]
[livestudent.deccansociety.org/fonts/ionicons44ca.woff]
[livestudent.deccansociety.org/Layout/Csscf50.css]
[livestudent.deccansociety.org/StudentLogin/Index.html]
[livestudent.deccansociety.org/StudentPortalDashboard/Index/index.html]
[cdnjs.cloudflare.com/ajax/libs/morris.js/0.5.1/morris.css]
[livestudent.deccansociety.org/Content/datepicker/css/bootstrap-datetimepicker.css]
[livestudent.deccansociety.org/Main2/fonts/fontawesome-webfont3e6e.svg]
[livestudent.deccansociety.org/fonts/glyphicons-halflings-regular.svg]
[livestudent.deccansociety.org/fonts/ionicons44ca.svg]
[livestudent.deccansociety.org/img/ajax-loader1.html]
[livestudent.deccansociety.org/img/blur-background09.html]
[livestudent.deccansociety.org/Layout/iCheck/minimal/minimal.html]
[livestudent.deccansociety.org/Layout/iCheck/minimal/minimal@2x.html]
[livestudent.deccansociety.org/StudentLogin/Index.html]
[livestudent.deccansociety.org/StudentLogin/images/apple-touch-icon.html]
